// Jest Snapshot v1, https://goo.gl/fbAQLP

exports[`Testing GifExpertApp component should match with the snapshot 1`] = `
<Fragment>
  <h1>
    GifExpertApp
  </h1>
  <AddCategory
    setCategories={[Function]}
  />
  <hr />
  <ol />
</Fragment>
`;
